[main 38af116] auto backup: 2026-07-19 22:00:01
 1 file changed, 0 insertions(+), 0 deletions(-)
 create mode 100644 backup.log
To github.com:fabse-hack/klipper-config.git
   4ecc7fb..38af116  main -> main
[main 70cc356] auto backup: 2026-07-19 22:15:01
 1 file changed, 5 insertions(+)
To github.com:fabse-hack/klipper-config.git
   38af116..70cc356  main -> main
[main 3b90102] auto backup: 2026-07-20 19:15:01
 1 file changed, 4 insertions(+)
To github.com:fabse-hack/klipper-config.git
   70cc356..3b90102  main -> main
[main 72be3b1] auto backup: 2026-07-20 19:30:01
 1 file changed, 4 insertions(+)
To github.com:fabse-hack/klipper-config.git
   3b90102..72be3b1  main -> main
[main e18d0ca] auto backup: 2026-07-20 19:45:01
 3 files changed, 8 insertions(+), 4 deletions(-)
To github.com:fabse-hack/klipper-config.git
   72be3b1..e18d0ca  main -> main
[main 2981a8b] auto backup: 2026-07-20 20:00:01
 1 file changed, 4 insertions(+)
To github.com:fabse-hack/klipper-config.git
   e18d0ca..2981a8b  main -> main
[main 1af875b] auto backup: 2026-07-20 20:15:35
 2 files changed, 6 insertions(+)
To github.com:fabse-hack/klipper-config.git
   2981a8b..1af875b  main -> main
[main 2655d45] auto backup: 2026-07-21 19:00:01
 1 file changed, 4 insertions(+)
To github.com:fabse-hack/klipper-config.git
   1af875b..2655d45  main -> main
[main f73c963] auto backup: 2026-07-21 19:15:01
 2 files changed, 7 insertions(+), 3 deletions(-)
To github.com:fabse-hack/klipper-config.git
   2655d45..f73c963  main -> main
[main 6352f7c] auto backup: 2026-07-21 19:30:01
 1 file changed, 4 insertions(+)
To github.com:fabse-hack/klipper-config.git
   f73c963..6352f7c  main -> main
[main 0e9ff10] auto backup: 2026-07-21 19:45:01
 1 file changed, 4 insertions(+)
To github.com:fabse-hack/klipper-config.git
   6352f7c..0e9ff10  main -> main
[main 8fa6ddb] auto backup: 2026-07-21 20:00:01
 2 files changed, 5 insertions(+), 1 deletion(-)
To github.com:fabse-hack/klipper-config.git
   0e9ff10..8fa6ddb  main -> main
[main b752772] auto backup: 2026-07-21 20:15:01
 2 files changed, 5 insertions(+), 1 deletion(-)
To github.com:fabse-hack/klipper-config.git
   8fa6ddb..b752772  main -> main
[main f4fe7a5] auto backup: 2026-07-21 20:30:01
 2 files changed, 5 insertions(+), 1 deletion(-)
To github.com:fabse-hack/klipper-config.git
   b752772..f4fe7a5  main -> main
[main 004474c] auto backup: 2026-07-21 20:45:01
 1 file changed, 4 insertions(+)
To github.com:fabse-hack/klipper-config.git
   f4fe7a5..004474c  main -> main
[main 85dc94a] auto backup: 2026-07-21 21:00:01
 1 file changed, 4 insertions(+)
To github.com:fabse-hack/klipper-config.git
   004474c..85dc94a  main -> main
[main c8858bb] auto backup: 2026-07-21 21:15:01
 1 file changed, 4 insertions(+)
To github.com:fabse-hack/klipper-config.git
   85dc94a..c8858bb  main -> main
[main 9117714] auto backup: 2026-07-21 21:30:01
 1 file changed, 4 insertions(+)
To github.com:fabse-hack/klipper-config.git
   c8858bb..9117714  main -> main
[main 31e6779] auto backup: 2026-07-21 21:45:01
 1 file changed, 4 insertions(+)
To github.com:fabse-hack/klipper-config.git
   9117714..31e6779  main -> main
[main 807236c] auto backup: 2026-07-24 18:15:01
 1 file changed, 4 insertions(+)
To github.com:fabse-hack/klipper-config.git
   31e6779..807236c  main -> main
[main ff7ecc5] auto backup: 2026-07-24 18:30:01
 1 file changed, 4 insertions(+)
To github.com:fabse-hack/klipper-config.git
   807236c..ff7ecc5  main -> main
[main 5900a6e] auto backup: 2026-07-24 18:45:01
 1 file changed, 4 insertions(+)
To github.com:fabse-hack/klipper-config.git
   ff7ecc5..5900a6e  main -> main
[main 3169c01] auto backup: 2026-07-24 19:00:01
 1 file changed, 4 insertions(+)
To github.com:fabse-hack/klipper-config.git
   5900a6e..3169c01  main -> main
[main c29ee9d] auto backup: 2026-07-24 19:15:01
 1 file changed, 4 insertions(+)
To github.com:fabse-hack/klipper-config.git
   3169c01..c29ee9d  main -> main
[main 5524074] auto backup: 2026-07-24 19:30:01
 1 file changed, 4 insertions(+)
To github.com:fabse-hack/klipper-config.git
   c29ee9d..5524074  main -> main
[main 24f524c] auto backup: 2026-07-24 19:45:01
 1 file changed, 4 insertions(+)
To github.com:fabse-hack/klipper-config.git
   5524074..24f524c  main -> main
[main 760f7f6] auto backup: 2026-07-24 20:00:01
 1 file changed, 4 insertions(+)
To github.com:fabse-hack/klipper-config.git
   24f524c..760f7f6  main -> main
[main ccf5e24] auto backup: 2026-07-24 20:15:01
 2 files changed, 5 insertions(+), 1 deletion(-)
To github.com:fabse-hack/klipper-config.git
   760f7f6..ccf5e24  main -> main
[main 1961d72] auto backup: 2026-07-24 20:30:01
 2 files changed, 7 insertions(+)
To github.com:fabse-hack/klipper-config.git
   ccf5e24..1961d72  main -> main
[main 7f5f6c6] auto backup: 2026-07-24 20:45:01
 1 file changed, 4 insertions(+)
To github.com:fabse-hack/klipper-config.git
   1961d72..7f5f6c6  main -> main
[main 96d27ed] auto backup: 2026-07-24 21:00:01
 1 file changed, 4 insertions(+)
To github.com:fabse-hack/klipper-config.git
   7f5f6c6..96d27ed  main -> main
[main 9ac0f20] auto backup: 2026-07-24 21:15:01
 1 file changed, 4 insertions(+)
To github.com:fabse-hack/klipper-config.git
   96d27ed..9ac0f20  main -> main
[main 9ed9eec] auto backup: 2026-07-24 21:30:02
 1 file changed, 4 insertions(+)
To github.com:fabse-hack/klipper-config.git
   9ac0f20..9ed9eec  main -> main
[main 645978a] auto backup: 2026-07-24 21:45:02
 1 file changed, 4 insertions(+)
To github.com:fabse-hack/klipper-config.git
   9ed9eec..645978a  main -> main
[main 6b85168] auto backup: 2026-07-25 09:00:25
 1 file changed, 4 insertions(+)
To github.com:fabse-hack/klipper-config.git
   645978a..6b85168  main -> main
[main 6c0b84c] auto backup: 2026-07-25 11:00:01
 1 file changed, 4 insertions(+)
To github.com:fabse-hack/klipper-config.git
   6b85168..6c0b84c  main -> main
[main 72f1626] auto backup: 2026-07-25 11:15:01
 1 file changed, 4 insertions(+)
To github.com:fabse-hack/klipper-config.git
   6c0b84c..72f1626  main -> main
[main 7de61cd] auto backup: 2026-07-25 11:30:01
 1 file changed, 4 insertions(+)
To github.com:fabse-hack/klipper-config.git
   72f1626..7de61cd  main -> main
[main d4ca406] auto backup: 2026-07-25 11:45:01
 1 file changed, 4 insertions(+)
To github.com:fabse-hack/klipper-config.git
   7de61cd..d4ca406  main -> main
[main 0361cab] auto backup: 2026-07-25 12:00:01
 1 file changed, 4 insertions(+)
To github.com:fabse-hack/klipper-config.git
   d4ca406..0361cab  main -> main
[main 5f917af] auto backup: 2026-07-25 12:15:01
 1 file changed, 4 insertions(+)
To github.com:fabse-hack/klipper-config.git
   0361cab..5f917af  main -> main
[main 76240ea] auto backup: 2026-07-25 12:30:01
 1 file changed, 4 insertions(+)
To github.com:fabse-hack/klipper-config.git
   5f917af..76240ea  main -> main
[main 97125de] auto backup: 2026-07-25 12:45:01
 1 file changed, 4 insertions(+)
To github.com:fabse-hack/klipper-config.git
   76240ea..97125de  main -> main
[main 80cc4df] auto backup: 2026-07-25 13:00:01
 1 file changed, 4 insertions(+)
To github.com:fabse-hack/klipper-config.git
   97125de..80cc4df  main -> main
[main 80c276c] auto backup: 2026-07-25 13:15:01
 1 file changed, 4 insertions(+)
To github.com:fabse-hack/klipper-config.git
   80cc4df..80c276c  main -> main
[main 69f13b0] auto backup: 2026-07-25 13:30:02
 1 file changed, 4 insertions(+)
To github.com:fabse-hack/klipper-config.git
   80c276c..69f13b0  main -> main
[main 3f67e4f] auto backup: 2026-07-25 13:45:01
 1 file changed, 4 insertions(+)
To github.com:fabse-hack/klipper-config.git
   69f13b0..3f67e4f  main -> main
[main 9960533] auto backup: 2026-07-25 14:00:01
 1 file changed, 4 insertions(+)
To github.com:fabse-hack/klipper-config.git
   3f67e4f..9960533  main -> main
[main 660a4ce] auto backup: 2026-07-25 14:15:01
 1 file changed, 4 insertions(+)
To github.com:fabse-hack/klipper-config.git
   9960533..660a4ce  main -> main
[main 98468c3] auto backup: 2026-07-25 16:45:19
 1 file changed, 4 insertions(+)
To github.com:fabse-hack/klipper-config.git
   660a4ce..98468c3  main -> main
[main b5314b1] auto backup: 2026-07-25 17:00:01
 1 file changed, 4 insertions(+)
To github.com:fabse-hack/klipper-config.git
   98468c3..b5314b1  main -> main
[main cc7a539] auto backup: 2026-07-25 17:15:01
 1 file changed, 4 insertions(+)
To github.com:fabse-hack/klipper-config.git
   b5314b1..cc7a539  main -> main
[main 7170953] auto backup: 2026-07-25 17:30:01
 1 file changed, 4 insertions(+)
To github.com:fabse-hack/klipper-config.git
   cc7a539..7170953  main -> main
[main 3760d6a] auto backup: 2026-07-25 17:45:01
 1 file changed, 4 insertions(+)
To github.com:fabse-hack/klipper-config.git
   7170953..3760d6a  main -> main
[main 6a72f2f] auto backup: 2026-07-25 18:00:01
 1 file changed, 4 insertions(+)
To github.com:fabse-hack/klipper-config.git
   3760d6a..6a72f2f  main -> main
[main 314b8c8] auto backup: 2026-07-25 18:15:01
 1 file changed, 4 insertions(+)
To github.com:fabse-hack/klipper-config.git
   6a72f2f..314b8c8  main -> main
[main adb1b2e] auto backup: 2026-07-25 18:30:01
 1 file changed, 4 insertions(+)
To github.com:fabse-hack/klipper-config.git
   314b8c8..adb1b2e  main -> main
[main 4f1520b] auto backup: 2026-07-25 18:45:01
 1 file changed, 4 insertions(+)
To github.com:fabse-hack/klipper-config.git
   adb1b2e..4f1520b  main -> main
[main 283a3ca] auto backup: 2026-07-25 19:00:01
 1 file changed, 4 insertions(+)
To github.com:fabse-hack/klipper-config.git
   4f1520b..283a3ca  main -> main
[main 799a9b4] auto backup: 2026-07-25 19:15:01
 1 file changed, 4 insertions(+)
To github.com:fabse-hack/klipper-config.git
   283a3ca..799a9b4  main -> main
[main e5e6205] auto backup: 2026-07-25 19:30:01
 1 file changed, 4 insertions(+)
To github.com:fabse-hack/klipper-config.git
   799a9b4..e5e6205  main -> main
[main b50f68a] auto backup: 2026-07-25 19:45:01
 1 file changed, 4 insertions(+)
To github.com:fabse-hack/klipper-config.git
   e5e6205..b50f68a  main -> main
[main f396559] auto backup: 2026-07-25 20:00:01
 1 file changed, 4 insertions(+)
To github.com:fabse-hack/klipper-config.git
   b50f68a..f396559  main -> main
[main 26435cc] auto backup: 2026-07-25 20:15:01
 1 file changed, 4 insertions(+)
To github.com:fabse-hack/klipper-config.git
   f396559..26435cc  main -> main
[main a6b90f5] auto backup: 2026-07-25 20:30:01
 1 file changed, 4 insertions(+)
To github.com:fabse-hack/klipper-config.git
   26435cc..a6b90f5  main -> main
[main c305ee0] auto backup: 2026-07-25 20:45:01
 1 file changed, 4 insertions(+)
To github.com:fabse-hack/klipper-config.git
   a6b90f5..c305ee0  main -> main
[main 1446de7] auto backup: 2026-07-25 21:00:01
 1 file changed, 4 insertions(+)
To github.com:fabse-hack/klipper-config.git
   c305ee0..1446de7  main -> main
[main 4a22a44] auto backup: 2026-07-25 21:15:01
 1 file changed, 4 insertions(+)
To github.com:fabse-hack/klipper-config.git
   1446de7..4a22a44  main -> main
[main 5f38225] auto backup: 2026-07-25 21:30:01
 1 file changed, 4 insertions(+)
To github.com:fabse-hack/klipper-config.git
   4a22a44..5f38225  main -> main
[main 16fe7cc] auto backup: 2026-07-25 21:45:01
 1 file changed, 4 insertions(+)
To github.com:fabse-hack/klipper-config.git
   5f38225..16fe7cc  main -> main
[main 6ca165b] auto backup: 2026-07-25 22:00:01
 1 file changed, 4 insertions(+)
To github.com:fabse-hack/klipper-config.git
   16fe7cc..6ca165b  main -> main
[main 9085044] auto backup: 2026-07-26 10:15:21
 1 file changed, 4 insertions(+)
To github.com:fabse-hack/klipper-config.git
   6ca165b..9085044  main -> main
[main c93c1de] auto backup: 2026-07-26 10:30:01
 1 file changed, 4 insertions(+)
To github.com:fabse-hack/klipper-config.git
   9085044..c93c1de  main -> main
[main acc1962] auto backup: 2026-07-26 10:45:01
 1 file changed, 4 insertions(+)
To github.com:fabse-hack/klipper-config.git
   c93c1de..acc1962  main -> main
[main 40ef8cd] auto backup: 2026-07-26 11:00:01
 1 file changed, 4 insertions(+)
To github.com:fabse-hack/klipper-config.git
   acc1962..40ef8cd  main -> main
[main c3e8efe] auto backup: 2026-07-26 11:15:01
 1 file changed, 4 insertions(+)
To github.com:fabse-hack/klipper-config.git
   40ef8cd..c3e8efe  main -> main
[main f56c64f] auto backup: 2026-07-26 11:30:01
 2 files changed, 11 insertions(+), 1 deletion(-)
To github.com:fabse-hack/klipper-config.git
   c3e8efe..f56c64f  main -> main
[main 193b12a] auto backup: 2026-07-26 11:45:01
 2 files changed, 9 insertions(+), 5 deletions(-)
To github.com:fabse-hack/klipper-config.git
   f56c64f..193b12a  main -> main
[main 54d1ce0] auto backup: 2026-07-26 12:00:01
 1 file changed, 4 insertions(+)
To github.com:fabse-hack/klipper-config.git
   193b12a..54d1ce0  main -> main
[main bbb81a8] auto backup: 2026-07-26 12:15:01
 1 file changed, 4 insertions(+)
To github.com:fabse-hack/klipper-config.git
   54d1ce0..bbb81a8  main -> main
[main c7ae332] auto backup: 2026-07-26 12:30:01
 1 file changed, 4 insertions(+)
To github.com:fabse-hack/klipper-config.git
   bbb81a8..c7ae332  main -> main
[main 00f2a6f] auto backup: 2026-07-26 12:45:01
 1 file changed, 4 insertions(+)
To github.com:fabse-hack/klipper-config.git
   c7ae332..00f2a6f  main -> main
[main 6e6b0b7] auto backup: 2026-07-26 13:00:01
 1 file changed, 4 insertions(+)
To github.com:fabse-hack/klipper-config.git
   00f2a6f..6e6b0b7  main -> main
[main 4fc6f3b] auto backup: 2026-07-26 13:15:01
 1 file changed, 4 insertions(+)
To github.com:fabse-hack/klipper-config.git
   6e6b0b7..4fc6f3b  main -> main
[main 15861fc] auto backup: 2026-07-26 13:30:01
 1 file changed, 4 insertions(+)
To github.com:fabse-hack/klipper-config.git
   4fc6f3b..15861fc  main -> main
[main 06ad943] auto backup: 2026-07-26 13:45:01
 1 file changed, 4 insertions(+)
To github.com:fabse-hack/klipper-config.git
   15861fc..06ad943  main -> main
[main f67ff68] auto backup: 2026-07-26 14:00:01
 1 file changed, 4 insertions(+)
To github.com:fabse-hack/klipper-config.git
   06ad943..f67ff68  main -> main
[main b9060ce] auto backup: 2026-07-26 14:15:01
 1 file changed, 4 insertions(+)
To github.com:fabse-hack/klipper-config.git
   f67ff68..b9060ce  main -> main
[main e9d4cde] auto backup: 2026-07-26 14:30:01
 1 file changed, 4 insertions(+)
To github.com:fabse-hack/klipper-config.git
   b9060ce..e9d4cde  main -> main
[main 954d8db] auto backup: 2026-07-26 14:45:01
 1 file changed, 4 insertions(+)
To github.com:fabse-hack/klipper-config.git
   e9d4cde..954d8db  main -> main
[main 218ef36] auto backup: 2026-07-26 15:00:01
 1 file changed, 4 insertions(+)
To github.com:fabse-hack/klipper-config.git
   954d8db..218ef36  main -> main
[main 477447c] auto backup: 2026-07-26 15:15:01
 1 file changed, 4 insertions(+)
To github.com:fabse-hack/klipper-config.git
   218ef36..477447c  main -> main
[main 741f5aa] auto backup: 2026-07-26 15:30:01
 1 file changed, 4 insertions(+)
To github.com:fabse-hack/klipper-config.git
   477447c..741f5aa  main -> main
[main 0bd8ae6] auto backup: 2026-07-26 15:45:01
 1 file changed, 4 insertions(+)
To github.com:fabse-hack/klipper-config.git
   741f5aa..0bd8ae6  main -> main
[main 25175b1] auto backup: 2026-07-26 16:00:01
 1 file changed, 4 insertions(+)
To github.com:fabse-hack/klipper-config.git
   0bd8ae6..25175b1  main -> main
[main 9f8737a] auto backup: 2026-07-26 16:15:01
 1 file changed, 4 insertions(+)
To github.com:fabse-hack/klipper-config.git
   25175b1..9f8737a  main -> main
[main 85a5ed5] auto backup: 2026-07-26 16:30:01
 1 file changed, 4 insertions(+)
To github.com:fabse-hack/klipper-config.git
   9f8737a..85a5ed5  main -> main
[main 8c3daec] auto backup: 2026-07-26 16:45:01
 1 file changed, 4 insertions(+)
To github.com:fabse-hack/klipper-config.git
   85a5ed5..8c3daec  main -> main
[main 31aeb6b] auto backup: 2026-07-26 17:00:02
 1 file changed, 4 insertions(+)
To github.com:fabse-hack/klipper-config.git
   8c3daec..31aeb6b  main -> main
[main 1dbc97f] auto backup: 2026-07-26 17:15:01
 1 file changed, 4 insertions(+)
To github.com:fabse-hack/klipper-config.git
   31aeb6b..1dbc97f  main -> main
[main 54c63d5] auto backup: 2026-07-26 17:30:01
 1 file changed, 4 insertions(+)
To github.com:fabse-hack/klipper-config.git
   1dbc97f..54c63d5  main -> main
[main a65738e] auto backup: 2026-07-26 17:45:01
 1 file changed, 4 insertions(+)
To github.com:fabse-hack/klipper-config.git
   54c63d5..a65738e  main -> main
[main d88408f] auto backup: 2026-07-26 18:00:01
 1 file changed, 4 insertions(+)
To github.com:fabse-hack/klipper-config.git
   a65738e..d88408f  main -> main
[main fa438d5] auto backup: 2026-07-26 18:15:01
 1 file changed, 4 insertions(+)
To github.com:fabse-hack/klipper-config.git
   d88408f..fa438d5  main -> main
[main 1df29fa] auto backup: 2026-07-26 18:30:01
 1 file changed, 4 insertions(+)
To github.com:fabse-hack/klipper-config.git
   fa438d5..1df29fa  main -> main
[main bc11e7b] auto backup: 2026-07-26 18:45:01
 1 file changed, 4 insertions(+)
To github.com:fabse-hack/klipper-config.git
   1df29fa..bc11e7b  main -> main
[main 08fb7a5] auto backup: 2026-07-26 19:00:01
 1 file changed, 4 insertions(+)
To github.com:fabse-hack/klipper-config.git
   bc11e7b..08fb7a5  main -> main
[main 6b9be99] auto backup: 2026-07-26 19:15:01
 1 file changed, 4 insertions(+)
To github.com:fabse-hack/klipper-config.git
   08fb7a5..6b9be99  main -> main
[main bb2783d] auto backup: 2026-07-26 19:30:01
 1 file changed, 4 insertions(+)
To github.com:fabse-hack/klipper-config.git
   6b9be99..bb2783d  main -> main
[main a414594] auto backup: 2026-07-27 19:15:01
 1 file changed, 4 insertions(+)
To github.com:fabse-hack/klipper-config.git
   bb2783d..a414594  main -> main
[main 46d2b63] auto backup: 2026-07-27 19:45:01
 1 file changed, 4 insertions(+)
To github.com:fabse-hack/klipper-config.git
   a414594..46d2b63  main -> main
[main beb7fc1] auto backup: 2026-07-27 20:00:01
 1 file changed, 4 insertions(+)
To github.com:fabse-hack/klipper-config.git
   46d2b63..beb7fc1  main -> main
[main b1ef0d6] auto backup: 2026-07-27 20:15:01
 1 file changed, 4 insertions(+)
To github.com:fabse-hack/klipper-config.git
   beb7fc1..b1ef0d6  main -> main
[main 1af629e] auto backup: 2026-08-07 19:30:01
 1 file changed, 4 insertions(+)
To github.com:fabse-hack/klipper-config.git
   b1ef0d6..1af629e  main -> main
[main 80ba65a] auto backup: 2026-08-07 19:45:01
 1 file changed, 4 insertions(+)
To github.com:fabse-hack/klipper-config.git
   1af629e..80ba65a  main -> main
[main f4ae26c] auto backup: 2026-08-07 20:00:01
 1 file changed, 4 insertions(+)
To github.com:fabse-hack/klipper-config.git
   80ba65a..f4ae26c  main -> main
[main 336f355] auto backup: 2026-08-07 20:15:01
 1 file changed, 4 insertions(+)
To github.com:fabse-hack/klipper-config.git
   f4ae26c..336f355  main -> main
[main 56f22a7] auto backup: 2026-08-07 20:30:01
 1 file changed, 4 insertions(+)
To github.com:fabse-hack/klipper-config.git
   336f355..56f22a7  main -> main
[main a397acc] auto backup: 2026-08-07 20:45:01
 1 file changed, 4 insertions(+)
To github.com:fabse-hack/klipper-config.git
   56f22a7..a397acc  main -> main
[main bafb2f3] auto backup: 2026-08-07 21:00:01
 1 file changed, 4 insertions(+)
To github.com:fabse-hack/klipper-config.git
   a397acc..bafb2f3  main -> main
[main 0d65ed9] auto backup: 2026-08-07 21:15:01
 1 file changed, 4 insertions(+)
To github.com:fabse-hack/klipper-config.git
   bafb2f3..0d65ed9  main -> main
[main f433aaa] auto backup: 2026-08-07 21:30:01
 1 file changed, 4 insertions(+)
To github.com:fabse-hack/klipper-config.git
   0d65ed9..f433aaa  main -> main
[main 156b95c] auto backup: 2026-08-07 21:45:01
 1 file changed, 4 insertions(+)
To github.com:fabse-hack/klipper-config.git
   f433aaa..156b95c  main -> main
[main a2eded3] auto backup: 2026-08-08 09:45:01
 1 file changed, 4 insertions(+)
To github.com:fabse-hack/klipper-config.git
   156b95c..a2eded3  main -> main
[main 0e935ec] auto backup: 2026-08-08 10:00:01
 1 file changed, 4 insertions(+)
To github.com:fabse-hack/klipper-config.git
   a2eded3..0e935ec  main -> main
[main 852f608] auto backup: 2026-08-08 10:15:01
 1 file changed, 4 insertions(+)
To github.com:fabse-hack/klipper-config.git
   0e935ec..852f608  main -> main
[main 7c2c152] auto backup: 2026-08-08 10:30:01
 1 file changed, 4 insertions(+)
To github.com:fabse-hack/klipper-config.git
   852f608..7c2c152  main -> main
[main 666204a] auto backup: 2026-08-08 10:45:01
 1 file changed, 4 insertions(+)
To github.com:fabse-hack/klipper-config.git
   7c2c152..666204a  main -> main
[main 3a86896] auto backup: 2026-08-08 11:00:01
 1 file changed, 4 insertions(+)
To github.com:fabse-hack/klipper-config.git
   666204a..3a86896  main -> main
[main daf8f14] auto backup: 2026-08-08 11:15:02
 1 file changed, 4 insertions(+)
To github.com:fabse-hack/klipper-config.git
   3a86896..daf8f14  main -> main
[main ba5b919] auto backup: 2026-08-08 11:30:01
 2 files changed, 5 insertions(+), 1 deletion(-)
To github.com:fabse-hack/klipper-config.git
   daf8f14..ba5b919  main -> main
[main f64a040] auto backup: 2026-08-08 11:45:01
 1 file changed, 4 insertions(+)
To github.com:fabse-hack/klipper-config.git
   ba5b919..f64a040  main -> main
[main 8be54b9] auto backup: 2026-08-08 12:00:01
 1 file changed, 4 insertions(+)
To github.com:fabse-hack/klipper-config.git
   f64a040..8be54b9  main -> main
[main 54aaeb8] auto backup: 2026-08-08 12:15:01
 1 file changed, 4 insertions(+)
To github.com:fabse-hack/klipper-config.git
   8be54b9..54aaeb8  main -> main
[main cb5d14a] auto backup: 2026-08-08 12:30:01
 1 file changed, 4 insertions(+)
To github.com:fabse-hack/klipper-config.git
   54aaeb8..cb5d14a  main -> main
[main d8362fb] auto backup: 2026-08-08 12:45:01
 1 file changed, 4 insertions(+)
To github.com:fabse-hack/klipper-config.git
   cb5d14a..d8362fb  main -> main
[main 563afb9] auto backup: 2026-08-08 13:00:01
 1 file changed, 4 insertions(+)
To github.com:fabse-hack/klipper-config.git
   d8362fb..563afb9  main -> main
[main 93c3156] auto backup: 2026-08-08 13:15:01
 1 file changed, 4 insertions(+)
To github.com:fabse-hack/klipper-config.git
   563afb9..93c3156  main -> main
[main 178b085] auto backup: 2026-08-08 13:30:01
 1 file changed, 4 insertions(+)
To github.com:fabse-hack/klipper-config.git
   93c3156..178b085  main -> main
[main 2425aa1] auto backup: 2026-08-08 13:45:01
 1 file changed, 4 insertions(+)
To github.com:fabse-hack/klipper-config.git
   178b085..2425aa1  main -> main
[main 410aae9] auto backup: 2026-08-08 14:00:01
 1 file changed, 4 insertions(+)
To github.com:fabse-hack/klipper-config.git
   2425aa1..410aae9  main -> main
[main 9176a6d] auto backup: 2026-08-08 14:15:01
 1 file changed, 4 insertions(+)
To github.com:fabse-hack/klipper-config.git
   410aae9..9176a6d  main -> main
[main 813ac5c] auto backup: 2026-08-08 14:30:02
 1 file changed, 4 insertions(+)
To github.com:fabse-hack/klipper-config.git
   9176a6d..813ac5c  main -> main
[main e61b200] auto backup: 2026-08-08 14:45:02
 1 file changed, 4 insertions(+)
To github.com:fabse-hack/klipper-config.git
   813ac5c..e61b200  main -> main
[main a41ff97] auto backup: 2026-08-08 15:00:02
 1 file changed, 4 insertions(+)
To github.com:fabse-hack/klipper-config.git
   e61b200..a41ff97  main -> main
[main 3dd9892] auto backup: 2026-08-08 15:15:01
 1 file changed, 4 insertions(+)
To github.com:fabse-hack/klipper-config.git
   a41ff97..3dd9892  main -> main
[main 9c361d3] auto backup: 2026-08-08 15:30:01
 1 file changed, 4 insertions(+)
To github.com:fabse-hack/klipper-config.git
   3dd9892..9c361d3  main -> main
[main a665b24] auto backup: 2026-08-08 15:45:01
 1 file changed, 4 insertions(+)
To github.com:fabse-hack/klipper-config.git
   9c361d3..a665b24  main -> main
[main afb34a6] auto backup: 2026-08-08 16:00:01
 1 file changed, 4 insertions(+)
To github.com:fabse-hack/klipper-config.git
   a665b24..afb34a6  main -> main
[main 398e734] auto backup: 2026-08-08 16:15:01
 1 file changed, 4 insertions(+)
To github.com:fabse-hack/klipper-config.git
   afb34a6..398e734  main -> main
[main 63be3ea] auto backup: 2026-08-08 16:30:01
 1 file changed, 4 insertions(+)
To github.com:fabse-hack/klipper-config.git
   398e734..63be3ea  main -> main
[main 26659a4] auto backup: 2026-08-08 16:45:02
 1 file changed, 4 insertions(+)
To github.com:fabse-hack/klipper-config.git
   63be3ea..26659a4  main -> main
[main c303755] auto backup: 2026-08-08 17:00:01
 1 file changed, 4 insertions(+)
To github.com:fabse-hack/klipper-config.git
   26659a4..c303755  main -> main
[main 8c09956] auto backup: 2026-08-08 17:15:01
 1 file changed, 4 insertions(+)
To github.com:fabse-hack/klipper-config.git
   c303755..8c09956  main -> main
[main a0cf187] auto backup: 2026-08-08 17:30:01
 1 file changed, 4 insertions(+)
To github.com:fabse-hack/klipper-config.git
   8c09956..a0cf187  main -> main
[main 694fb92] auto backup: 2026-08-08 17:45:01
 1 file changed, 4 insertions(+)
To github.com:fabse-hack/klipper-config.git
   a0cf187..694fb92  main -> main
[main 0abe029] auto backup: 2026-08-08 18:00:01
 1 file changed, 4 insertions(+)
To github.com:fabse-hack/klipper-config.git
   694fb92..0abe029  main -> main
[main a09ba59] auto backup: 2026-08-08 18:15:01
 1 file changed, 4 insertions(+)
To github.com:fabse-hack/klipper-config.git
   0abe029..a09ba59  main -> main
[main 72b23ad] auto backup: 2026-08-08 18:30:01
 1 file changed, 4 insertions(+)
To github.com:fabse-hack/klipper-config.git
   a09ba59..72b23ad  main -> main
[main b69ab62] auto backup: 2026-08-08 18:45:01
 1 file changed, 4 insertions(+)
To github.com:fabse-hack/klipper-config.git
   72b23ad..b69ab62  main -> main
[main 5b42928] auto backup: 2026-08-08 19:00:01
 1 file changed, 4 insertions(+)
To github.com:fabse-hack/klipper-config.git
   b69ab62..5b42928  main -> main
[main f69a1b2] auto backup: 2026-08-08 19:15:01
 1 file changed, 4 insertions(+)
To github.com:fabse-hack/klipper-config.git
   5b42928..f69a1b2  main -> main
[main 744bdd3] auto backup: 2026-08-08 19:30:01
 1 file changed, 4 insertions(+)
To github.com:fabse-hack/klipper-config.git
   f69a1b2..744bdd3  main -> main
[main c7b3f2e] auto backup: 2026-08-08 19:45:01
 1 file changed, 4 insertions(+)
To github.com:fabse-hack/klipper-config.git
   744bdd3..c7b3f2e  main -> main
[main fd71241] auto backup: 2026-08-08 20:00:01
 1 file changed, 4 insertions(+)
To github.com:fabse-hack/klipper-config.git
   c7b3f2e..fd71241  main -> main
[main 8a075e2] auto backup: 2026-08-08 20:15:02
 1 file changed, 4 insertions(+)
To github.com:fabse-hack/klipper-config.git
   fd71241..8a075e2  main -> main
[main 7cd54ff] auto backup: 2026-08-08 20:30:02
 1 file changed, 4 insertions(+)
To github.com:fabse-hack/klipper-config.git
   8a075e2..7cd54ff  main -> main
[main 56ec2ef] auto backup: 2026-08-08 20:45:01
 1 file changed, 4 insertions(+)
To github.com:fabse-hack/klipper-config.git
   7cd54ff..56ec2ef  main -> main
[main b19f686] auto backup: 2026-08-08 21:00:02
 1 file changed, 4 insertions(+)
To github.com:fabse-hack/klipper-config.git
   56ec2ef..b19f686  main -> main
[main 41c19f3] auto backup: 2026-08-08 21:15:01
 1 file changed, 4 insertions(+)
To github.com:fabse-hack/klipper-config.git
   b19f686..41c19f3  main -> main
[main cb0120a] auto backup: 2026-08-08 21:30:01
 1 file changed, 4 insertions(+)
To github.com:fabse-hack/klipper-config.git
   41c19f3..cb0120a  main -> main
[main 29f3ed6] auto backup: 2026-08-08 21:45:01
 1 file changed, 4 insertions(+)
To github.com:fabse-hack/klipper-config.git
   cb0120a..29f3ed6  main -> main
[main c19157d] auto backup: 2026-08-08 22:00:01
 1 file changed, 4 insertions(+)
To github.com:fabse-hack/klipper-config.git
   29f3ed6..c19157d  main -> main
[main 2409d88] auto backup: 2026-08-09 10:15:16
 2 files changed, 5 insertions(+), 1 deletion(-)
To github.com:fabse-hack/klipper-config.git
   c19157d..2409d88  main -> main
[main 5560c35] auto backup: 2026-08-09 10:30:01
 1 file changed, 4 insertions(+)
To github.com:fabse-hack/klipper-config.git
   2409d88..5560c35  main -> main
[main 9e5bc5d] auto backup: 2026-08-09 10:45:01
 1 file changed, 4 insertions(+)
To github.com:fabse-hack/klipper-config.git
   5560c35..9e5bc5d  main -> main
[main 11b8ff8] auto backup: 2026-08-09 11:00:01
 1 file changed, 4 insertions(+)
To github.com:fabse-hack/klipper-config.git
   9e5bc5d..11b8ff8  main -> main
[main 131d842] auto backup: 2026-08-09 11:15:01
 1 file changed, 4 insertions(+)
To github.com:fabse-hack/klipper-config.git
   11b8ff8..131d842  main -> main
[main 9437f9f] auto backup: 2026-08-09 11:30:01
 1 file changed, 4 insertions(+)
To github.com:fabse-hack/klipper-config.git
   131d842..9437f9f  main -> main
[main 4801466] auto backup: 2026-08-09 11:45:01
 1 file changed, 4 insertions(+)
To github.com:fabse-hack/klipper-config.git
   9437f9f..4801466  main -> main
[main 2fc743c] auto backup: 2026-08-09 12:00:02
 1 file changed, 4 insertions(+)
To github.com:fabse-hack/klipper-config.git
   4801466..2fc743c  main -> main
[main 2863e98] auto backup: 2026-08-09 12:15:01
 1 file changed, 4 insertions(+)
To github.com:fabse-hack/klipper-config.git
   2fc743c..2863e98  main -> main
[main 862d5cc] auto backup: 2026-08-09 12:30:01
 1 file changed, 4 insertions(+)
To github.com:fabse-hack/klipper-config.git
   2863e98..862d5cc  main -> main
[main 07aa141] auto backup: 2026-08-09 12:45:01
 1 file changed, 4 insertions(+)
To github.com:fabse-hack/klipper-config.git
   862d5cc..07aa141  main -> main
[main 402678f] auto backup: 2026-08-09 13:00:01
 1 file changed, 4 insertions(+)
To github.com:fabse-hack/klipper-config.git
   07aa141..402678f  main -> main
[main dd9261a] auto backup: 2026-08-09 18:00:01
 1 file changed, 4 insertions(+)
To github.com:fabse-hack/klipper-config.git
   402678f..dd9261a  main -> main
[main fddf1f4] auto backup: 2026-08-09 18:15:01
 1 file changed, 4 insertions(+)
To github.com:fabse-hack/klipper-config.git
   dd9261a..fddf1f4  main -> main
[main d534768] auto backup: 2026-08-09 18:30:02
 1 file changed, 4 insertions(+)
To github.com:fabse-hack/klipper-config.git
   fddf1f4..d534768  main -> main
[main 0d016a6] auto backup: 2026-08-09 18:45:01
 1 file changed, 4 insertions(+)
To github.com:fabse-hack/klipper-config.git
   d534768..0d016a6  main -> main
[main 3d23e34] auto backup: 2026-08-09 19:00:01
 1 file changed, 4 insertions(+)
To github.com:fabse-hack/klipper-config.git
   0d016a6..3d23e34  main -> main
[main c2d0426] auto backup: 2026-08-09 19:15:01
 2 files changed, 6 insertions(+), 2 deletions(-)
To github.com:fabse-hack/klipper-config.git
   3d23e34..c2d0426  main -> main
[main da335a1] auto backup: 2026-08-09 19:30:01
 1 file changed, 4 insertions(+)
To github.com:fabse-hack/klipper-config.git
   c2d0426..da335a1  main -> main
[main 764921e] auto backup: 2026-08-09 19:45:01
 1 file changed, 4 insertions(+)
To github.com:fabse-hack/klipper-config.git
   da335a1..764921e  main -> main
[main 63083b8] auto backup: 2026-08-09 20:00:01
 1 file changed, 4 insertions(+)
To github.com:fabse-hack/klipper-config.git
   764921e..63083b8  main -> main
[main f6271e7] auto backup: 2026-08-09 20:15:01
 1 file changed, 4 insertions(+)
To github.com:fabse-hack/klipper-config.git
   63083b8..f6271e7  main -> main
[main d3d8d1e] auto backup: 2026-08-09 20:30:01
 1 file changed, 4 insertions(+)
To github.com:fabse-hack/klipper-config.git
   f6271e7..d3d8d1e  main -> main
[main ec3c75f] auto backup: 2026-08-09 20:45:01
 1 file changed, 4 insertions(+)
To github.com:fabse-hack/klipper-config.git
   d3d8d1e..ec3c75f  main -> main
[main ccb4d6c] auto backup: 2026-08-09 21:00:01
 1 file changed, 4 insertions(+)
To github.com:fabse-hack/klipper-config.git
   ec3c75f..ccb4d6c  main -> main
[main be6694b] auto backup: 2026-08-09 21:15:01
 1 file changed, 4 insertions(+)
To github.com:fabse-hack/klipper-config.git
   ccb4d6c..be6694b  main -> main
[main 1bf3748] auto backup: 2026-08-09 21:30:02
 1 file changed, 4 insertions(+)
To github.com:fabse-hack/klipper-config.git
   be6694b..1bf3748  main -> main
[main 066ccc7] auto backup: 2026-08-09 21:45:01
 1 file changed, 4 insertions(+)
To github.com:fabse-hack/klipper-config.git
   1bf3748..066ccc7  main -> main
[main f3b0057] auto backup: 2026-08-09 22:00:01
 1 file changed, 4 insertions(+)
To github.com:fabse-hack/klipper-config.git
   066ccc7..f3b0057  main -> main
[main c208000] auto backup: 2026-08-10 18:30:01
 1 file changed, 4 insertions(+)
To github.com:fabse-hack/klipper-config.git
   f3b0057..c208000  main -> main
[main 37c9100] auto backup: 2026-08-10 18:45:01
 1 file changed, 4 insertions(+)
To github.com:fabse-hack/klipper-config.git
   c208000..37c9100  main -> main
[main dce0020] auto backup: 2026-08-10 19:00:01
 1 file changed, 4 insertions(+)
To github.com:fabse-hack/klipper-config.git
   37c9100..dce0020  main -> main
[main e2b5c91] auto backup: 2026-08-10 19:15:01
 1 file changed, 4 insertions(+)
To github.com:fabse-hack/klipper-config.git
   dce0020..e2b5c91  main -> main
[main 2043cef] auto backup: 2026-08-10 19:30:01
 1 file changed, 4 insertions(+)
To github.com:fabse-hack/klipper-config.git
   e2b5c91..2043cef  main -> main
[main 1a55bf3] auto backup: 2026-08-10 19:45:01
 1 file changed, 4 insertions(+)
To github.com:fabse-hack/klipper-config.git
   2043cef..1a55bf3  main -> main
[main 0dfdbad] auto backup: 2026-08-10 20:00:01
 1 file changed, 4 insertions(+)
To github.com:fabse-hack/klipper-config.git
   1a55bf3..0dfdbad  main -> main
[main 317dd6d] auto backup: 2026-08-10 20:15:01
 1 file changed, 4 insertions(+)
To github.com:fabse-hack/klipper-config.git
   0dfdbad..317dd6d  main -> main
[main 030ed47] auto backup: 2026-08-10 20:30:01
 1 file changed, 4 insertions(+)
To github.com:fabse-hack/klipper-config.git
   317dd6d..030ed47  main -> main
[main 1ee5a97] auto backup: 2026-08-11 18:00:02
 1 file changed, 4 insertions(+)
To github.com:fabse-hack/klipper-config.git
   030ed47..1ee5a97  main -> main
[main 3cb7a0e] auto backup: 2026-08-11 18:15:01
 1 file changed, 4 insertions(+)
To github.com:fabse-hack/klipper-config.git
   1ee5a97..3cb7a0e  main -> main
[main bbd618c] auto backup: 2026-08-11 18:30:01
 1 file changed, 4 insertions(+)
To github.com:fabse-hack/klipper-config.git
   3cb7a0e..bbd618c  main -> main
[main ef1de29] auto backup: 2026-08-11 18:45:01
 1 file changed, 4 insertions(+)
To github.com:fabse-hack/klipper-config.git
   bbd618c..ef1de29  main -> main
[main b972a96] auto backup: 2026-08-11 19:00:01
 1 file changed, 4 insertions(+)
To github.com:fabse-hack/klipper-config.git
   ef1de29..b972a96  main -> main
[main e9f5320] auto backup: 2026-08-11 19:15:01
 1 file changed, 4 insertions(+)
To github.com:fabse-hack/klipper-config.git
   b972a96..e9f5320  main -> main
[main 4ab4efb] auto backup: 2026-08-12 13:30:01
 1 file changed, 4 insertions(+)
To github.com:fabse-hack/klipper-config.git
   e9f5320..4ab4efb  main -> main
[main 9526e25] auto backup: 2026-08-12 13:45:01
 1 file changed, 4 insertions(+)
To github.com:fabse-hack/klipper-config.git
   4ab4efb..9526e25  main -> main
[main 1c9c329] auto backup: 2026-08-12 14:00:01
 1 file changed, 4 insertions(+)
To github.com:fabse-hack/klipper-config.git
   9526e25..1c9c329  main -> main
[main 9ea83df] auto backup: 2026-08-12 14:15:01
 1 file changed, 4 insertions(+)
To github.com:fabse-hack/klipper-config.git
   1c9c329..9ea83df  main -> main
[main 95871ca] auto backup: 2026-08-12 14:30:01
 1 file changed, 4 insertions(+)
To github.com:fabse-hack/klipper-config.git
   9ea83df..95871ca  main -> main
[main 0a58896] auto backup: 2026-08-12 14:45:01
 1 file changed, 4 insertions(+)
To github.com:fabse-hack/klipper-config.git
   95871ca..0a58896  main -> main
[main cee65b2] auto backup: 2026-08-12 15:00:01
 1 file changed, 4 insertions(+)
To github.com:fabse-hack/klipper-config.git
   0a58896..cee65b2  main -> main
[main 25ab941] auto backup: 2026-08-12 15:15:01
 1 file changed, 4 insertions(+)
To github.com:fabse-hack/klipper-config.git
   cee65b2..25ab941  main -> main
[main 48f5229] auto backup: 2026-08-12 15:30:01
 1 file changed, 4 insertions(+)
To github.com:fabse-hack/klipper-config.git
   25ab941..48f5229  main -> main
[main 93535c5] auto backup: 2026-08-12 15:45:01
 1 file changed, 4 insertions(+)
To github.com:fabse-hack/klipper-config.git
   48f5229..93535c5  main -> main
[main 36dcd2b] auto backup: 2026-08-12 16:00:01
 1 file changed, 4 insertions(+)
To github.com:fabse-hack/klipper-config.git
   93535c5..36dcd2b  main -> main
[main 48fcc77] auto backup: 2026-08-12 16:15:01
 1 file changed, 4 insertions(+)
To github.com:fabse-hack/klipper-config.git
   36dcd2b..48fcc77  main -> main
[main 30c5bbf] auto backup: 2026-08-12 16:30:01
 1 file changed, 4 insertions(+)
To github.com:fabse-hack/klipper-config.git
   48fcc77..30c5bbf  main -> main
[main 2282f64] auto backup: 2026-08-12 16:45:01
 1 file changed, 4 insertions(+)
To github.com:fabse-hack/klipper-config.git
   30c5bbf..2282f64  main -> main
[main 633f1af] auto backup: 2026-08-12 17:00:01
 1 file changed, 4 insertions(+)
To github.com:fabse-hack/klipper-config.git
   2282f64..633f1af  main -> main
[main b754edc] auto backup: 2026-08-12 17:15:01
 1 file changed, 4 insertions(+)
To github.com:fabse-hack/klipper-config.git
   633f1af..b754edc  main -> main
[main a212323] auto backup: 2026-08-12 17:30:01
 1 file changed, 4 insertions(+)
To github.com:fabse-hack/klipper-config.git
   b754edc..a212323  main -> main
[main c0d0d3d] auto backup: 2026-08-12 18:30:01
 1 file changed, 4 insertions(+)
To github.com:fabse-hack/klipper-config.git
   a212323..c0d0d3d  main -> main
[main 248e815] auto backup: 2026-08-12 18:45:01
 2 files changed, 6 insertions(+), 27 deletions(-)
To github.com:fabse-hack/klipper-config.git
   c0d0d3d..248e815  main -> main
[main 60540e4] auto backup: 2026-08-12 19:00:02
 1 file changed, 4 insertions(+)
To github.com:fabse-hack/klipper-config.git
   248e815..60540e4  main -> main
[main 0d27f0c] auto backup: 2026-08-12 19:15:01
 1 file changed, 4 insertions(+)
To github.com:fabse-hack/klipper-config.git
   60540e4..0d27f0c  main -> main
[main 0e2a436] auto backup: 2026-08-13 17:45:02
 3 files changed, 44 insertions(+), 5 deletions(-)
To github.com:fabse-hack/klipper-config.git
   0d27f0c..0e2a436  main -> main
[main cdfc8e2] auto backup: 2026-08-13 18:00:01
 1 file changed, 4 insertions(+)
To github.com:fabse-hack/klipper-config.git
   0e2a436..cdfc8e2  main -> main
[main 290135c] auto backup: 2026-08-13 18:15:01
 2 files changed, 9 insertions(+), 3 deletions(-)
To github.com:fabse-hack/klipper-config.git
   cdfc8e2..290135c  main -> main
[main ae7a160] auto backup: 2026-08-13 18:30:01
 1 file changed, 4 insertions(+)
To github.com:fabse-hack/klipper-config.git
   290135c..ae7a160  main -> main
[main 1c90382] auto backup: 2026-08-13 18:45:01
 1 file changed, 4 insertions(+)
To github.com:fabse-hack/klipper-config.git
   ae7a160..1c90382  main -> main
[main 53a1b14] auto backup: 2026-08-13 19:00:01
 1 file changed, 4 insertions(+)
To github.com:fabse-hack/klipper-config.git
   1c90382..53a1b14  main -> main
[main d4ce911] auto backup: 2026-08-13 19:15:02
 1 file changed, 4 insertions(+)
To github.com:fabse-hack/klipper-config.git
   53a1b14..d4ce911  main -> main
[main be816b3] auto backup: 2026-08-16 13:00:35
 1 file changed, 4 insertions(+)
To github.com:fabse-hack/klipper-config.git
   d4ce911..be816b3  main -> main
[main 6fd66af] auto backup: 2026-08-16 13:15:01
 2 files changed, 5 insertions(+), 1 deletion(-)
To github.com:fabse-hack/klipper-config.git
   be816b3..6fd66af  main -> main
[main f0ab213] auto backup: 2026-08-16 13:45:02
 1 file changed, 4 insertions(+)
To github.com:fabse-hack/klipper-config.git
   6fd66af..f0ab213  main -> main
[main b798409] auto backup: 2026-08-16 14:45:01
 1 file changed, 4 insertions(+)
To github.com:fabse-hack/klipper-config.git
   f0ab213..b798409  main -> main
[main d92b431] auto backup: 2026-08-16 15:00:01
 1 file changed, 4 insertions(+)
To github.com:fabse-hack/klipper-config.git
   b798409..d92b431  main -> main
[main dcaaf11] auto backup: 2026-08-16 15:15:01
 1 file changed, 4 insertions(+)
To github.com:fabse-hack/klipper-config.git
   d92b431..dcaaf11  main -> main
[main 48ee145] auto backup: 2026-08-16 15:30:01
 1 file changed, 4 insertions(+)
To github.com:fabse-hack/klipper-config.git
   dcaaf11..48ee145  main -> main
[main ccd7814] auto backup: 2026-08-16 15:45:01
 2 files changed, 10 insertions(+), 8 deletions(-)
To github.com:fabse-hack/klipper-config.git
   48ee145..ccd7814  main -> main
[main e63393b] auto backup: 2026-08-16 16:00:01
 1 file changed, 4 insertions(+)
To github.com:fabse-hack/klipper-config.git
   ccd7814..e63393b  main -> main
[main df2e54a] auto backup: 2026-08-16 16:15:01
 1 file changed, 4 insertions(+)
To github.com:fabse-hack/klipper-config.git
   e63393b..df2e54a  main -> main
[main 708f058] auto backup: 2026-08-16 16:30:01
 1 file changed, 4 insertions(+)
To github.com:fabse-hack/klipper-config.git
   df2e54a..708f058  main -> main
[main a22808a] auto backup: 2026-08-16 16:45:01
 1 file changed, 4 insertions(+)
To github.com:fabse-hack/klipper-config.git
   708f058..a22808a  main -> main
[main 936796c] auto backup: 2026-08-16 17:00:01
 1 file changed, 4 insertions(+)
To github.com:fabse-hack/klipper-config.git
   a22808a..936796c  main -> main
[main 6f11b23] auto backup: 2026-08-16 17:15:01
 1 file changed, 4 insertions(+)
To github.com:fabse-hack/klipper-config.git
   936796c..6f11b23  main -> main
[main 6a8855c] auto backup: 2026-08-16 17:30:01
 1 file changed, 4 insertions(+)
To github.com:fabse-hack/klipper-config.git
   6f11b23..6a8855c  main -> main
[main ad2f185] auto backup: 2026-08-16 17:45:01
 1 file changed, 4 insertions(+)
To github.com:fabse-hack/klipper-config.git
   6a8855c..ad2f185  main -> main
[main fc8e232] auto backup: 2026-08-16 18:00:01
 1 file changed, 4 insertions(+)
To github.com:fabse-hack/klipper-config.git
   ad2f185..fc8e232  main -> main
[main 2a3a9ff] auto backup: 2026-08-16 18:15:01
 1 file changed, 4 insertions(+)
To github.com:fabse-hack/klipper-config.git
   fc8e232..2a3a9ff  main -> main
[main 1e5a6ab] auto backup: 2026-08-16 18:30:01
 1 file changed, 4 insertions(+)
To github.com:fabse-hack/klipper-config.git
   2a3a9ff..1e5a6ab  main -> main
[main e3f427e] auto backup: 2026-08-16 18:45:01
 1 file changed, 4 insertions(+)
To github.com:fabse-hack/klipper-config.git
   1e5a6ab..e3f427e  main -> main
[main 5c60541] auto backup: 2026-08-16 19:00:01
 1 file changed, 4 insertions(+)
To github.com:fabse-hack/klipper-config.git
   e3f427e..5c60541  main -> main
[main 50fadb2] auto backup: 2026-08-16 19:15:01
 1 file changed, 4 insertions(+)
To github.com:fabse-hack/klipper-config.git
   5c60541..50fadb2  main -> main
[main 6a40d58] auto backup: 2026-08-16 19:30:01
 1 file changed, 4 insertions(+)
To github.com:fabse-hack/klipper-config.git
   50fadb2..6a40d58  main -> main
[main d29c195] auto backup: 2026-08-16 19:45:01
 1 file changed, 4 insertions(+)
To github.com:fabse-hack/klipper-config.git
   6a40d58..d29c195  main -> main
[main f837bd5] auto backup: 2026-08-16 20:00:01
 1 file changed, 4 insertions(+)
To github.com:fabse-hack/klipper-config.git
   d29c195..f837bd5  main -> main
[main 15b1ca2] auto backup: 2026-08-16 20:15:01
 1 file changed, 4 insertions(+)
To github.com:fabse-hack/klipper-config.git
   f837bd5..15b1ca2  main -> main
[main ebf70ba] auto backup: 2026-08-16 20:30:01
 1 file changed, 4 insertions(+)
To github.com:fabse-hack/klipper-config.git
   15b1ca2..ebf70ba  main -> main
[main fe91d6b] auto backup: 2026-08-16 20:45:01
 1 file changed, 4 insertions(+)
To github.com:fabse-hack/klipper-config.git
   ebf70ba..fe91d6b  main -> main
[main 43f3ebe] auto backup: 2026-08-16 21:00:01
 1 file changed, 4 insertions(+)
To github.com:fabse-hack/klipper-config.git
   fe91d6b..43f3ebe  main -> main
[main 47743f8] auto backup: 2026-08-16 21:15:01
 1 file changed, 4 insertions(+)
To github.com:fabse-hack/klipper-config.git
   43f3ebe..47743f8  main -> main
[main 2cb8bef] auto backup: 2026-08-16 21:30:01
 1 file changed, 4 insertions(+)
To github.com:fabse-hack/klipper-config.git
   47743f8..2cb8bef  main -> main
[main 14d3607] auto backup: 2026-08-16 21:45:01
 1 file changed, 4 insertions(+)
To github.com:fabse-hack/klipper-config.git
   2cb8bef..14d3607  main -> main
[main a287606] auto backup: 2026-08-16 22:00:01
 1 file changed, 4 insertions(+)
To github.com:fabse-hack/klipper-config.git
   14d3607..a287606  main -> main
[main 2320863] auto backup: 2026-08-16 22:15:01
 1 file changed, 4 insertions(+)
To github.com:fabse-hack/klipper-config.git
   a287606..2320863  main -> main
[main 4309bbf] auto backup: 2026-08-16 22:30:01
 1 file changed, 4 insertions(+)
To github.com:fabse-hack/klipper-config.git
   2320863..4309bbf  main -> main
[main 9acca6f] auto backup: 2026-08-18 13:30:01
 1 file changed, 4 insertions(+)
To github.com:fabse-hack/klipper-config.git
   4309bbf..9acca6f  main -> main
[main 23aee0e] auto backup: 2026-08-18 13:45:01
 1 file changed, 4 insertions(+)
To github.com:fabse-hack/klipper-config.git
   9acca6f..23aee0e  main -> main
[main 27fec81] auto backup: 2026-08-18 14:00:01
 1 file changed, 4 insertions(+)
To github.com:fabse-hack/klipper-config.git
   23aee0e..27fec81  main -> main
[main 4ae57b6] auto backup: 2026-08-18 14:15:01
 1 file changed, 4 insertions(+)
To github.com:fabse-hack/klipper-config.git
   27fec81..4ae57b6  main -> main
[main a87d7b3] auto backup: 2026-08-18 14:30:01
 1 file changed, 4 insertions(+)
To github.com:fabse-hack/klipper-config.git
   4ae57b6..a87d7b3  main -> main
[main a86ee76] auto backup: 2026-08-18 14:45:01
 1 file changed, 4 insertions(+)
To github.com:fabse-hack/klipper-config.git
   a87d7b3..a86ee76  main -> main
[main 6afbeed] auto backup: 2026-08-18 15:00:01
 1 file changed, 4 insertions(+)
To github.com:fabse-hack/klipper-config.git
   a86ee76..6afbeed  main -> main
[main 8335924] auto backup: 2026-08-18 15:15:02
 1 file changed, 4 insertions(+)
To github.com:fabse-hack/klipper-config.git
   6afbeed..8335924  main -> main
[main ca3aa59] auto backup: 2026-08-18 15:30:01
 1 file changed, 4 insertions(+)
To github.com:fabse-hack/klipper-config.git
   8335924..ca3aa59  main -> main
[main 8871332] auto backup: 2026-08-18 15:45:01
 1 file changed, 4 insertions(+)
To github.com:fabse-hack/klipper-config.git
   ca3aa59..8871332  main -> main
[main 45d0abe] auto backup: 2026-08-18 16:00:01
 1 file changed, 4 insertions(+)
To github.com:fabse-hack/klipper-config.git
   8871332..45d0abe  main -> main
[main 305638b] auto backup: 2026-08-18 16:15:02
 1 file changed, 4 insertions(+)
To github.com:fabse-hack/klipper-config.git
   45d0abe..305638b  main -> main
[main 3ad283d] auto backup: 2026-08-18 16:30:02
 1 file changed, 4 insertions(+)
To github.com:fabse-hack/klipper-config.git
   305638b..3ad283d  main -> main
[main f66431b] auto backup: 2026-08-18 16:45:02
 1 file changed, 4 insertions(+)
To github.com:fabse-hack/klipper-config.git
   3ad283d..f66431b  main -> main
[main 3b090f3] auto backup: 2026-08-18 17:00:01
 1 file changed, 4 insertions(+)
To github.com:fabse-hack/klipper-config.git
   f66431b..3b090f3  main -> main
[main af791ef] auto backup: 2026-08-18 17:15:01
 1 file changed, 4 insertions(+)
To github.com:fabse-hack/klipper-config.git
   3b090f3..af791ef  main -> main
[main d042240] auto backup: 2026-08-18 17:30:01
 1 file changed, 4 insertions(+)
To github.com:fabse-hack/klipper-config.git
   af791ef..d042240  main -> main
[main 7f184cb] auto backup: 2026-08-18 17:45:01
 1 file changed, 4 insertions(+)
To github.com:fabse-hack/klipper-config.git
   d042240..7f184cb  main -> main
[main 8829db2] auto backup: 2026-08-18 18:00:01
 1 file changed, 4 insertions(+)
To github.com:fabse-hack/klipper-config.git
   7f184cb..8829db2  main -> main
[main 5aeffd5] auto backup: 2026-08-18 18:15:01
 1 file changed, 4 insertions(+)
To github.com:fabse-hack/klipper-config.git
   8829db2..5aeffd5  main -> main
[main 495f42e] auto backup: 2026-08-18 18:30:01
 1 file changed, 4 insertions(+)
To github.com:fabse-hack/klipper-config.git
   5aeffd5..495f42e  main -> main
[main c481ab2] auto backup: 2026-08-18 18:45:01
 1 file changed, 4 insertions(+)
To github.com:fabse-hack/klipper-config.git
   495f42e..c481ab2  main -> main
[main 5795a4c] auto backup: 2026-08-18 19:00:02
 1 file changed, 4 insertions(+)
To github.com:fabse-hack/klipper-config.git
   c481ab2..5795a4c  main -> main
[main a3c2b2a] auto backup: 2026-08-18 19:15:01
 1 file changed, 4 insertions(+)
To github.com:fabse-hack/klipper-config.git
   5795a4c..a3c2b2a  main -> main
[main f5fcdc0] auto backup: 2026-08-18 19:30:01
 1 file changed, 4 insertions(+)
To github.com:fabse-hack/klipper-config.git
   a3c2b2a..f5fcdc0  main -> main
[main bd0e649] auto backup: 2026-08-18 19:45:02
 1 file changed, 4 insertions(+)
To github.com:fabse-hack/klipper-config.git
   f5fcdc0..bd0e649  main -> main
[main 285293a] auto backup: 2026-08-18 20:00:01
 1 file changed, 4 insertions(+)
To github.com:fabse-hack/klipper-config.git
   bd0e649..285293a  main -> main
[main 847c362] auto backup: 2026-08-18 20:15:01
 1 file changed, 4 insertions(+)
To github.com:fabse-hack/klipper-config.git
   285293a..847c362  main -> main
[main 0f8a511] auto backup: 2026-08-18 20:30:01
 1 file changed, 4 insertions(+)
To github.com:fabse-hack/klipper-config.git
   847c362..0f8a511  main -> main
[main def2312] auto backup: 2026-08-18 20:45:01
 1 file changed, 4 insertions(+)
To github.com:fabse-hack/klipper-config.git
   0f8a511..def2312  main -> main
[main 489bc8d] auto backup: 2026-08-18 21:00:01
 1 file changed, 4 insertions(+)
To github.com:fabse-hack/klipper-config.git
   def2312..489bc8d  main -> main
[main bc99e82] auto backup: 2026-08-19 09:45:01
 1 file changed, 4 insertions(+)
To github.com:fabse-hack/klipper-config.git
   489bc8d..bc99e82  main -> main
[main cdca753] auto backup: 2026-08-19 10:00:01
 1 file changed, 4 insertions(+)
To github.com:fabse-hack/klipper-config.git
   bc99e82..cdca753  main -> main
[main d9d997b] auto backup: 2026-08-19 10:15:01
 1 file changed, 4 insertions(+)
To github.com:fabse-hack/klipper-config.git
   cdca753..d9d997b  main -> main
[main 274fcb7] auto backup: 2026-08-19 10:30:01
 1 file changed, 4 insertions(+)
To github.com:fabse-hack/klipper-config.git
   d9d997b..274fcb7  main -> main
[main cd3702e] auto backup: 2026-08-19 10:45:01
 1 file changed, 4 insertions(+)
To github.com:fabse-hack/klipper-config.git
   274fcb7..cd3702e  main -> main
[main 01f8b06] auto backup: 2026-08-19 11:00:01
 1 file changed, 4 insertions(+)
To github.com:fabse-hack/klipper-config.git
   cd3702e..01f8b06  main -> main
[main 81a4696] auto backup: 2026-08-19 11:15:01
 1 file changed, 4 insertions(+)
To github.com:fabse-hack/klipper-config.git
   01f8b06..81a4696  main -> main
[main 15c002e] auto backup: 2026-08-19 11:30:01
 1 file changed, 4 insertions(+)
To github.com:fabse-hack/klipper-config.git
   81a4696..15c002e  main -> main
[main d2b9e3e] auto backup: 2026-08-19 11:45:01
 1 file changed, 4 insertions(+)
To github.com:fabse-hack/klipper-config.git
   15c002e..d2b9e3e  main -> main
[main 854834f] auto backup: 2026-08-19 12:00:01
 1 file changed, 4 insertions(+)
To github.com:fabse-hack/klipper-config.git
   d2b9e3e..854834f  main -> main
[main 013cc2c] auto backup: 2026-08-19 12:15:01
 1 file changed, 4 insertions(+)
To github.com:fabse-hack/klipper-config.git
   854834f..013cc2c  main -> main
[main e31bb27] auto backup: 2026-08-19 12:30:01
 1 file changed, 4 insertions(+)
To github.com:fabse-hack/klipper-config.git
   013cc2c..e31bb27  main -> main
[main 26b802c] auto backup: 2026-08-19 12:45:01
 1 file changed, 4 insertions(+)
To github.com:fabse-hack/klipper-config.git
   e31bb27..26b802c  main -> main
[main 828fc5b] auto backup: 2026-08-19 13:00:01
 1 file changed, 4 insertions(+)
To github.com:fabse-hack/klipper-config.git
   26b802c..828fc5b  main -> main
[main 2585f89] auto backup: 2026-08-19 13:15:01
 1 file changed, 4 insertions(+)
To github.com:fabse-hack/klipper-config.git
   828fc5b..2585f89  main -> main
[main cf98502] auto backup: 2026-08-19 13:30:01
 1 file changed, 4 insertions(+)
To github.com:fabse-hack/klipper-config.git
   2585f89..cf98502  main -> main
[main ec12202] auto backup: 2026-08-19 13:45:01
 1 file changed, 4 insertions(+)
To github.com:fabse-hack/klipper-config.git
   cf98502..ec12202  main -> main
[main 3859b43] auto backup: 2026-08-19 14:00:01
 1 file changed, 4 insertions(+)
To github.com:fabse-hack/klipper-config.git
   ec12202..3859b43  main -> main
[main eaaa61c] auto backup: 2026-08-19 14:15:01
 1 file changed, 4 insertions(+)
To github.com:fabse-hack/klipper-config.git
   3859b43..eaaa61c  main -> main
[main 520bc1e] auto backup: 2026-08-19 14:30:01
 1 file changed, 4 insertions(+)
To github.com:fabse-hack/klipper-config.git
   eaaa61c..520bc1e  main -> main
[main 3d8d73b] auto backup: 2026-08-19 14:45:01
 1 file changed, 4 insertions(+)
To github.com:fabse-hack/klipper-config.git
   520bc1e..3d8d73b  main -> main
[main 0238dbd] auto backup: 2026-08-19 15:00:01
 1 file changed, 4 insertions(+)
To github.com:fabse-hack/klipper-config.git
   3d8d73b..0238dbd  main -> main
[main 1c5b3a8] auto backup: 2026-08-19 15:15:01
 1 file changed, 4 insertions(+)
To github.com:fabse-hack/klipper-config.git
   0238dbd..1c5b3a8  main -> main
[main 08b8149] auto backup: 2026-08-19 15:30:01
 1 file changed, 4 insertions(+)
To github.com:fabse-hack/klipper-config.git
   1c5b3a8..08b8149  main -> main
[main 1097f9f] auto backup: 2026-08-19 15:45:02
 1 file changed, 4 insertions(+)
To github.com:fabse-hack/klipper-config.git
   08b8149..1097f9f  main -> main
[main 54856eb] auto backup: 2026-08-19 16:00:01
 1 file changed, 4 insertions(+)
To github.com:fabse-hack/klipper-config.git
   1097f9f..54856eb  main -> main
[main fcb8081] auto backup: 2026-08-19 16:15:01
 1 file changed, 4 insertions(+)
To github.com:fabse-hack/klipper-config.git
   54856eb..fcb8081  main -> main
[main 6ea3910] auto backup: 2026-08-19 16:30:01
 1 file changed, 4 insertions(+)
To github.com:fabse-hack/klipper-config.git
   fcb8081..6ea3910  main -> main
[main 4530818] auto backup: 2026-08-19 16:45:01
 1 file changed, 4 insertions(+)
To github.com:fabse-hack/klipper-config.git
   6ea3910..4530818  main -> main
[main 949b913] auto backup: 2026-08-21 17:00:01
 1 file changed, 4 insertions(+)
To github.com:fabse-hack/klipper-config.git
   4530818..949b913  main -> main
[main 910fb1a] auto backup: 2026-08-21 17:15:01
 1 file changed, 4 insertions(+)
To github.com:fabse-hack/klipper-config.git
   949b913..910fb1a  main -> main
[main 8461ca1] auto backup: 2026-08-21 17:30:01
 1 file changed, 4 insertions(+)
To github.com:fabse-hack/klipper-config.git
   910fb1a..8461ca1  main -> main
[main 80c3f68] auto backup: 2026-08-21 17:45:01
 1 file changed, 4 insertions(+)
To github.com:fabse-hack/klipper-config.git
   8461ca1..80c3f68  main -> main
[main f0d4ed4] auto backup: 2026-08-21 18:00:01
 1 file changed, 4 insertions(+)
To github.com:fabse-hack/klipper-config.git
   80c3f68..f0d4ed4  main -> main
[main 212e098] auto backup: 2026-08-21 18:15:01
 1 file changed, 4 insertions(+)
To github.com:fabse-hack/klipper-config.git
   f0d4ed4..212e098  main -> main
[main 45dc0bf] auto backup: 2026-08-21 18:30:01
 1 file changed, 4 insertions(+)
To github.com:fabse-hack/klipper-config.git
   212e098..45dc0bf  main -> main
[main ab522bc] auto backup: 2026-08-21 18:45:01
 1 file changed, 4 insertions(+)
To github.com:fabse-hack/klipper-config.git
   45dc0bf..ab522bc  main -> main
[main 1614f38] auto backup: 2026-08-21 19:00:01
 1 file changed, 4 insertions(+)
To github.com:fabse-hack/klipper-config.git
   ab522bc..1614f38  main -> main
[main c82eb62] auto backup: 2026-08-21 19:15:01
 1 file changed, 4 insertions(+)
To github.com:fabse-hack/klipper-config.git
   1614f38..c82eb62  main -> main
[main 69deb2a] auto backup: 2026-08-21 19:30:01
 1 file changed, 4 insertions(+)
To github.com:fabse-hack/klipper-config.git
   c82eb62..69deb2a  main -> main
[main 7ddbcca] auto backup: 2026-08-21 19:45:02
 1 file changed, 4 insertions(+)
To github.com:fabse-hack/klipper-config.git
   69deb2a..7ddbcca  main -> main
[main 0e1c960] auto backup: 2026-08-27 18:30:01
 1 file changed, 4 insertions(+)
To github.com:fabse-hack/klipper-config.git
   7ddbcca..0e1c960  main -> main
